// Jest Snapshot v1, https://goo.gl/fbAQLP

exports[`InstructorTag component renders correctly 1`] = `
.c0 {
  display: -webkit-box;
  display: -webkit-flex;
  display: -ms-flexbox;
  display: flex;
  -webkit-align-items: center;
  -webkit-box-align: center;
  -ms-flex-align: center;
  align-items: center;
  width: 500px;
  height: 80px;
  border-radius: 300px;
  padding: 0px 25px;
  margin-bottom: 25px;
  cursor: pointer;
  -webkit-user-select: none;
  -moz-user-select: none;
  -ms-user-select: none;
  user-select: none;
  background-color: rgba(0,0,0,0.4);
}

.c0:hover {
  background-color: rgba(0,0,0,0.8);
}

.c1 {
  margin-right: 20px;
  font-size: 1.6em;
}

.c2 {
  -webkit-box-flex: 1;
  -webkit-flex-grow: 1;
  -ms-flex-positive: 1;
  flex-grow: 1;
  font-size: 1.6em;
  font-weight: 500;
  color: rgba(255,255,255,0.9);
}

.c3 {
  font-size: 0.8em;
  -webkit-user-select: none;
  -moz-user-select: none;
  -ms-user-select: none;
  user-select: none;
  color: rgba(255,255,255,0.3);
}

<div>
  <div
    class="c0"
  >
    <span
      class="c1"
    >
      ðŸŒ²
    </span>
    <span
      class="c2"
    >
      EglÄ—
    </span>
    <span
      class="c3"
    >
      Go to GitHub
    </span>
  </div>
</div>
`;
